{
    "ResponseMetadata": {},
    "Error": {
        "Message": "1 validation error detected: Value 'foobar' at 'id' failed to satisfy constraint: Member must satisfy regular expression pattern: ^\\d{13}-\\w{6}$",
        "Code": "ValidationException"
    }
}
